<div>
    I'm so rich I have $3.
    test
    
    I have body
    
    
    
    should be printed
    
    <p>This is an example.</p>
</div>
